// Jest Snapshot v1, https://goo.gl/fbAQLP

exports[`Componente de transação de extrato O snapshot do componente deve permanencer sempre o mesmo  1`] = `
<div
  class="transacao-container"
>
  <p>
    08/09/2022
  </p>
  <p>
    saque
  </p>
  <p>
    R$ 
    50.00
  </p>
</div>
`;
